// Jest Snapshot v1, https://goo.gl/fbAQLP

exports[`<Button> matches snapshot 1`] = `
<button
  disabled={false}
  onClick={[Function]}
>
  Hello, world
</button>
`;
